[klassenresearch.orbs.com/Plotting+with+Python.html]
[backblue.gif]
[fade.gif]
[index.html]
[klassenresearch.orbs.com/$widget2/lib.framework.withus/css/LIB.lib.framework.withus36fc.css]
[klassenresearch.orbs.com/$widget2/lib.framework.withus.css/css/LIB.lib.framework.withus.cssbcc1.css]
[klassenresearch.orbs.com/$widget2/lib.withus.css.wu_formatted/css/LIB.lib.withus.css.wu_formatted888e.css]
[klassenresearch.orbs.com/$widget2/lib.ui.popup.win/css/LIB.lib.ui.popup.win213b.css]
[klassenresearch.orbs.com/_userauth/passwordf965.html]
[klassenresearch.orbs.com/Home.html]
[klassenresearch.orbs.com/Python.html]
[klassenresearch.orbs.com/Research.html]
[klassenresearch.orbs.com/Curriculum+Vitae.html]
[klassenresearch.orbs.com/Other+Activities.html]
[klassenresearch.orbs.com/Astronomy+Resources.html]
[klassenresearch.orbs.com/Design.html]
[klassenresearch.orbs.com/IDL+Tips.html]
[klassenresearch.orbs.com/Run+an+IDL+script+at+startup.html]
[klassenresearch.orbs.com/Emulate+linspace+and+logspace.html]
[klassenresearch.orbs.com/UNIX+Tips.html]
[klassenresearch.orbs.com/Timing+a+program+from+the+shell.html]
[klassenresearch.orbs.com/Customizing+vim.html]
[klassenresearch.orbs.com/Checksums.html]
[klassenresearch.orbs.com/High-Performance+Computing.html]
[klassenresearch.orbs.com/Running+FLASH+on+SciNet.html]
[klassenresearch.orbs.com/Links.html]
[klassenresearch.orbs.com/$widget2/lib.util.formatting.html/js/LIB.lib.util.formatting.html66fb.js]
[klassenresearch.orbs.com/$widget2/lib.framework.withus/js/LIB.lib.framework.withus8bc0.js]
[klassenresearch.orbs.com/$widget2/lib.ui.tree/js/LIB.lib.ui.tree1ea1.js]
[klassenresearch.orbs.com/$widget2/lib.ui.popup.win/js/LIB.lib.ui.popup.win8916.js]
[klassenresearch.orbs.com/$widget2/lib.ui.menu.menu_manager/js/LIB.lib.ui.menu.menu_managercf34.js]
[klassenresearch.orbs.com/Plotting+with+Python.html]
[klassenresearch.orbs.com/$widget2/lib.framework.withus/css/LIB.lib.framework.withus36fc.css]
[klassenresearch.orbs.com/$widget2/lib.framework.goo_keyboard/js/LIB.lib.framework.goo_keyboard9c8e.js]
[klassenresearch.orbs.com/$widget2/lib.framework.withus.css/box/assets/transparent.gif]
[klassenresearch.orbs.com/$widget2/lib.framework.withus.css/box/assets/edit_cursor_small.cur]
[klassenresearch.orbs.com/$widget2/lib.framework.withus.css/box/assets/input_gradient.png]
[klassenresearch.orbs.com/$widget2/lib.framework.withus.css/box/assets/button_blue_bgfff.png]
[klassenresearch.orbs.com/$widget2/lib.framework.withus.css/box/assets/button_blue_bgfffshort.png]
[klassenresearch.orbs.com/$widget2/lib.framework.withus.css/box/assets/button_blue_bg000short.png]
[klassenresearch.orbs.com/$widget2/lib.framework.withus.css/box/assets/button_blue_bg000.png]
[klassenresearch.orbs.com/$widget2/lib.framework.withus.css/box/assets/button_orange_bgfff.png]
[klassenresearch.orbs.com/$widget2/lib.framework.withus.css/box/assets/button_orange_bg000.png]
[klassenresearch.orbs.com/$widget2/lib.framework.withus.css/box/assets/button_orange_bg000short.png]
[klassenresearch.orbs.com/$widget2/lib.framework.withus.css/box/assets/button_gray_bgfff.png]
[klassenresearch.orbs.com/$widget2/lib.framework.withus.css/box/assets/button_gray_bg000.png]
[klassenresearch.orbs.com/$widget2/lib.framework.withus.css/box/assets/button_gray_bg000short.png]
[klassenresearch.orbs.com/$widget2/lib.framework.withus.css/box/assets/button_gray_bgffftiny.png]
[klassenresearch.orbs.com/$widget2/lib.framework.withus.css/box/assets/fmessages_icon_yellow.png]
[klassenresearch.orbs.com/$widget2/lib.framework.withus.css/box/assets/fmessages_icon_green.png]
[klassenresearch.orbs.com/$widget2/lib.framework.withus.css/box/assets/error.gif]
[klassenresearch.orbs.com/$widget2/lib.framework.withus.css/box/assets/tick.gif]
[klassenresearch.orbs.com/$widget2/lib.framework.withus.css/box/assets/spinner.gif]
[klassenresearch.orbs.com/$widget2/lib.framework.withus.css/css/LIB.lib.framework.withus.cssbcc1.css]
[klassenresearch.orbs.com/$widget2/lib.framework.withus.css/box/assets/alert_gradient.png]
[klassenresearch.orbs.com/$widget2/lib.withus.css.wu_formatted/box/assets/text_edit.32.delayed]
[klassenresearch.orbs.com/$widget2/lib.withus.css.wu_formatted/css/LIB.lib.withus.css.wu_formatted888e.css]
[klassenresearch.orbs.com/$widget2/lib.ui.popup.win/css/LIB.lib.ui.popup.win213b.css]
[klassenresearch.orbs.com/$widget2/lib.ui.popup.win/box/assets/gwp_gradient.png]
[klassenresearch.orbs.com/$widget2/lib.framework.withus.css/css/LIB.lib.framework.withus.css022a.css]
[klassenresearch.orbs.com/$widget2/lib.framework.withus.css.admin_userauth/css/LIB.lib.framework.withus.css.admin_userauth956d.css]
[klassenresearch.orbs.com/$widget2/lib.framework.withus/css/LIB.lib.framework.withus229f.css]
[klassenresearch.orbs.com/$widget2/lib.ui.popup.win/css/LIB.lib.ui.popup.winaeac.css]
[klassenresearch.orbs.com/$widget2/lib.framework.withus/js/LIB.lib.framework.withusae5b.js]
[klassenresearch.orbs.com/$widget2/lib.ui.popup.win/js/LIB.lib.ui.popup.wincc21.js]
[klassenresearch.orbs.com/$widget2/lib.ui.menu.menu_manager/js/LIB.lib.ui.menu.menu_manager013b.js]
[klassenresearch.orbs.com/_userauth/passwordf965.html]
[klassenresearch.orbs.com/$widget2/lib.framework.goo_keyboard/js/LIB.lib.framework.goo_keyboard76fe.js]
[klassenresearch.orbs.com/index.html]
[klassenresearch.orbs.com/$widget2/lib.framework.withus/css/LIB.lib.framework.withus66f4.css]
[klassenresearch.orbs.com/$widget2/lib.framework.withus.css/css/LIB.lib.framework.withus.css0a65.css]
[klassenresearch.orbs.com/$widget2/lib.withus.css.wu_formatted/css/LIB.lib.withus.css.wu_formattedd6d0.css]
[klassenresearch.orbs.com/$widget2/lib.ui.popup.win/css/LIB.lib.ui.popup.win154e.css]
[klassenresearch.orbs.com/_userauth/passworda868.html]
[klassenresearch.orbs.com/$widget2/lib.util.formatting.html/js/LIB.lib.util.formatting.html9f24.js]
[klassenresearch.orbs.com/$widget2/lib.framework.withus/js/LIB.lib.framework.withusb71c.js]
[klassenresearch.orbs.com/$widget2/lib.ui.tree/js/LIB.lib.ui.treeb644.js]
[klassenresearch.orbs.com/$widget2/lib.ui.popup.win/js/LIB.lib.ui.popup.winf07a.js]
[klassenresearch.orbs.com/$widget2/lib.ui.menu.menu_manager/js/LIB.lib.ui.menu.menu_managere94c.js]
[klassenresearch.orbs.com/index.html]
[klassenresearch.orbs.com/$widget2/lib.framework.goo_keyboard/js/LIB.lib.framework.goo_keyboard6847.js]
[klassenresearch.orbs.com/Home.html]
[klassenresearch.orbs.com/_userauth/passwordb5aa.html]
[klassenresearch.orbs.com/$widget2/lib.framework.withus/css/LIB.lib.framework.withus687c.css]
[klassenresearch.orbs.com/$widget2/lib.framework.withus.css/css/LIB.lib.framework.withus.css3659.css]
[klassenresearch.orbs.com/$widget2/lib.withus.css.wu_formatted/css/LIB.lib.withus.css.wu_formatteda430.css]
[klassenresearch.orbs.com/$widget2/lib.ui.popup.win/css/LIB.lib.ui.popup.win183b.css]
[klassenresearch.orbs.com/_userauth/passwordc0bc.html]
[klassenresearch.orbs.com/$widget2/lib.util.formatting.html/js/LIB.lib.util.formatting.html0c1b.js]
[klassenresearch.orbs.com/$widget2/lib.framework.withus/js/LIB.lib.framework.withus4e88.js]
[klassenresearch.orbs.com/$widget2/lib.ui.tree/js/LIB.lib.ui.treea2eb.js]
[klassenresearch.orbs.com/$widget2/lib.ui.popup.win/js/LIB.lib.ui.popup.win2659.js]
[klassenresearch.orbs.com/$widget2/lib.ui.menu.menu_manager/js/LIB.lib.ui.menu.menu_managerc8f3.js]
[klassenresearch.orbs.com/Python.html]
[klassenresearch.orbs.com/$widget2/lib.framework.goo_keyboard/js/LIB.lib.framework.goo_keyboard1859.js]
[klassenresearch.orbs.com/Research.html]
[klassenresearch.orbs.com/_userauth/password7f90.html]
[klassenresearch.orbs.com/$widget2/lib.withus.css.wu_formatted/css/LIB.lib.withus.css.wu_formatted8c35.css]
[klassenresearch.orbs.com/_userauth/password4a6a.html]
[klassenresearch.orbs.com/$widget2/lib.util.formatting.html/js/LIB.lib.util.formatting.html4698.js]
[klassenresearch.orbs.com/Curriculum+Vitae.html]
[klassenresearch.orbs.com/$widget2/lib.ui.tree/js/LIB.lib.ui.tree7c90.js]
[klassenresearch.orbs.com/Other+Activities.html]
[klassenresearch.orbs.com/_userauth/passwordd6cb.html]
[klassenresearch.orbs.com/Astronomy+Resources.html]
[klassenresearch.orbs.com/_userauth/password4816.html]
[klassenresearch.orbs.com/Design.html]
[klassenresearch.orbs.com/_userauth/passwordaa16.html]
[klassenresearch.orbs.com/IDL+Tips.html]
[klassenresearch.orbs.com/_userauth/password97f4.html]
[klassenresearch.orbs.com/Run+an+IDL+script+at+startup.html]
[klassenresearch.orbs.com/_userauth/password0e32.html]
[klassenresearch.orbs.com/Emulate+linspace+and+logspace.html]
[klassenresearch.orbs.com/_userauth/password41a7.html]
[klassenresearch.orbs.com/_userauth/password3664.html]
[klassenresearch.orbs.com/Adding+a+directory+to+your+PATH.6d.delayed]
[klassenresearch.orbs.com/A+script+to+check+a+file's+size.6e.delayed]
[klassenresearch.orbs.com/UNIX+Tips.html]
[klassenresearch.orbs.com/Timing+a+program+from+the+shell.html]
[klassenresearch.orbs.com/_userauth/passwordc82b.html]
[klassenresearch.orbs.com/Customizing+vim.html]
[klassenresearch.orbs.com/_userauth/passwordc703.html]
[klassenresearch.orbs.com/Checksums.html]
[klassenresearch.orbs.com/_userauth/password5491.html]
[klassenresearch.orbs.com/High-Performance+Computing.html]
[klassenresearch.orbs.com/_userauth/password60b1.html]
[klassenresearch.orbs.com/Running+FLASH+on+SciNet.html]
[klassenresearch.orbs.com/_userauth/password3552.html]
[klassenresearch.orbs.com/Links.html]
[klassenresearch.orbs.com/$widget2/lib.withus.css.wu_formatted/box/assets/text_edit.html]
[klassenresearch.orbs.com/$widget2/lib.framework.withus.css/css/LIB.lib.framework.withus.css022a.css]
[klassenresearch.orbs.com/$widget2/lib.framework.withus.css.admin_userauth/css/LIB.lib.framework.withus.css.admin_userauth956d.css]
[klassenresearch.orbs.com/$widget2/lib.framework.withus/css/LIB.lib.framework.withus229f.css]
[klassenresearch.orbs.com/$widget2/lib.ui.popup.win/css/LIB.lib.ui.popup.winaeac.css]
[klassenresearch.orbs.com/$widget2/lib.framework.withus/css/LIB.lib.framework.withus66f4.css]
[klassenresearch.orbs.com/$widget2/lib.framework.withus.css/css/LIB.lib.framework.withus.css0a65.css]
[klassenresearch.orbs.com/$widget2/lib.withus.css.wu_formatted/css/LIB.lib.withus.css.wu_formattedd6d0.css]
[klassenresearch.orbs.com/$widget2/lib.ui.popup.win/css/LIB.lib.ui.popup.win154e.css]
[klassenresearch.orbs.com/_userauth/passwordc8f1.html]
[klassenresearch.orbs.com/$widget2/lib.framework.withus.css.admin_userauth/css/LIB.lib.framework.withus.css.admin_userauthed49.css]
[klassenresearch.orbs.com/_userauth/passworda868.html]
[klassenresearch.orbs.com/_userauth/passwordb5aa.html]
[klassenresearch.orbs.com/$widget2/lib.framework.withus/css/LIB.lib.framework.withus687c.css]
[klassenresearch.orbs.com/$widget2/lib.framework.withus.css/css/LIB.lib.framework.withus.css3659.css]
[klassenresearch.orbs.com/$widget2/lib.withus.css.wu_formatted/css/LIB.lib.withus.css.wu_formatteda430.css]
[klassenresearch.orbs.com/$widget2/lib.ui.popup.win/css/LIB.lib.ui.popup.win183b.css]
[klassenresearch.orbs.com/$widget2/lib.framework.withus.css.admin_userauth/css/LIB.lib.framework.withus.css.admin_userauthde82.css]
[klassenresearch.orbs.com/_userauth/passwordc0bc.html]
[klassenresearch.orbs.com/_userauth/password7f90.html]
[klassenresearch.orbs.com/$widget2/lib.withus.css.wu_formatted/css/LIB.lib.withus.css.wu_formatted8c35.css]
[klassenresearch.orbs.com/_userauth/password4a6a.html]
[klassenresearch.orbs.com/_userauth/passwordd6cb.html]
[klassenresearch.orbs.com/_userauth/password4816.html]
[klassenresearch.orbs.com/_userauth/passwordaa16.html]
[klassenresearch.orbs.com/_userauth/password97f4.html]
[klassenresearch.orbs.com/$widget2/lib.framework.withus.css.admin_userauth/css/LIB.lib.framework.withus.css.admin_userauth8900.css]
[klassenresearch.orbs.com/_userauth/password0e32.html]
[klassenresearch.orbs.com/_userauth/password41a7.html]
[klassenresearch.orbs.com/_userauth/password3664.html]
[klassenresearch.orbs.com/Adding+a+directory+to+your+PATH.html]
[klassenresearch.orbs.com/A+script+to+check+a+file's+size.html]
[klassenresearch.orbs.com/_userauth/passwordc82b.html]
[klassenresearch.orbs.com/_userauth/passwordc703.html]
[klassenresearch.orbs.com/_userauth/password5491.html]
[klassenresearch.orbs.com/_userauth/password60b1.html]
[klassenresearch.orbs.com/_userauth/password3552.html]
[klassenresearch.orbs.com/_userauth/passwordc8f1.html]
[klassenresearch.orbs.com/$widget2/lib.framework.withus.css.admin_userauth/css/LIB.lib.framework.withus.css.admin_userauthed49.css]
[klassenresearch.orbs.com/$widget2/lib.framework.withus.css.admin_userauth/css/LIB.lib.framework.withus.css.admin_userauthde82.css]
[klassenresearch.orbs.com/$widget2/lib.framework.withus.css.admin_userauth/css/LIB.lib.framework.withus.css.admin_userauth8900.css]
