[www.pygame.org/docs/index.html]
[backblue.gif]
[fade.gif]
[index.html]
[www.pygame.org/docs/_static/pygame.css]
[www.pygame.org/docs/_static/pygments.css]
[www.pygame.org/docs/_static/jquery.js]
[www.pygame.org/docs/_static/underscore.js]
[www.pygame.org/docs/_static/doctools.js]
[www.pygame.org/docs/_static/pygame.ico]
[www.pygame.org/docs/ref/bufferproxy.html]
[www.pygame.org/docs/_static/pygame_tiny.png]
[www.pygame.org/docs/genindex.html]
[www.pygame.org/docs/ref/camera.html]
[www.pygame.org/docs/ref/cdrom.html]
[www.pygame.org/docs/ref/color.html]
[www.pygame.org/docs/ref/cursors.html]
[www.pygame.org/docs/ref/display.html]
[www.pygame.org/docs/ref/draw.html]
[www.pygame.org/docs/ref/event.html]
[www.pygame.org/docs/ref/examples.html]
[www.pygame.org/docs/ref/font.html]
[www.pygame.org/docs/ref/freetype.html]
[www.pygame.org/docs/ref/gfxdraw.html]
[www.pygame.org/docs/ref/image.html]
[www.pygame.org/docs/ref/joystick.html]
[www.pygame.org/docs/ref/key.html]
[www.pygame.org/docs/ref/locals.html]
[www.pygame.org/docs/ref/mask.html]
[www.pygame.org/docs/ref/math.html]
[www.pygame.org/docs/ref/midi.html]
[www.pygame.org/docs/ref/mixer.html]
[www.pygame.org/docs/ref/mouse.html]
[www.pygame.org/docs/ref/movie.html]
[www.pygame.org/docs/ref/music.html]
[www.pygame.org/docs/ref/overlay.html]
[www.pygame.org/docs/ref/pixelarray.html]
[www.pygame.org/docs/ref/pixelcopy.html]
[www.pygame.org/docs/ref/pygame.html]
[www.pygame.org/docs/ref/rect.html]
[www.pygame.org/docs/ref/scrap.html]
[www.pygame.org/docs/ref/sndarray.html]
[www.pygame.org/docs/ref/sprite.html]
[www.pygame.org/docs/ref/surface.html]
[www.pygame.org/docs/ref/surfarray.html]
[www.pygame.org/docs/ref/tests.html]
[www.pygame.org/docs/ref/time.html]
[www.pygame.org/docs/ref/transform.html]
[www.pygame.org/docs/filepaths.html]
[www.pygame.org/docs/tut/ImportInit.html]
[www.pygame.org/docs/tut/intro/intro.html]
[www.pygame.org/docs/tut/MoveIt.html]
[www.pygame.org/docs/tut/SpriteIntro.html]
[www.pygame.org/docs/tut/chimp/ChimpLineByLine.html]
[www.pygame.org/docs/tut/surfarray/SurfarrayIntro.html]
[www.pygame.org/docs/tut/camera/CameraIntro.html]
[www.pygame.org/docs/tut/tom/MakeGames.html]
[www.pygame.org/docs/tut/newbieguide.html]
[www.pygame.org/docs/search.html]
[www.pygame.org/docs/index.html]
[www.pygame.org/docs/_static/jquery.plugin.docscomments.js]
[www.w3.org/1999/xhtml/index.html]
[www.pygame.org/docs/_static/reset.css]
[www.pygame.org/docs/_static/tooltip.css]
[www.pygame.org/docs/_static/pygame.css]
[www.pygame.org/docs/_static/pygments.css]
[www.pygame.org/docs/_static/file.png]
[www.pygame.org/docs/ref/bufferproxy.html]
[www.pygame.org/docs/genindex.html]
[www.pygame.org/docs/ref/camera.html]
[www.pygame.org/docs/ref/cdrom.html]
[www.pygame.org/docs/ref/color.html]
[www.pygame.org/docs/ref/cursors.html]
[www.pygame.org/docs/ref/display.html]
[www.pygame.org/docs/index-2.html]
[www.pygame.org/docs/ref/draw.html]
[www.pygame.org/docs/ref/event.html]
[www.pygame.org/docs/ref/examples.html]
[www.pygame.org/docs/ref/font.html]
[www.pygame.org/docs/ref/freetype.html]
[www.pygame.org/docs/ref/gfxdraw.html]
[www.pygame.org/docs/ref/image.html]
[www.pygame.org/docs/_images/draw_module_example.png]
[www.pygame.org/docs/ref/joystick.html]
[www.pygame.org/docs/ref/key.html]
[www.pygame.org/docs/ref/locals.html]
[www.pygame.org/docs/ref/mask.html]
[www.pygame.org/docs/ref/math.html]
[www.pygame.org/docs/ref/midi.html]
[www.pygame.org/docs/ref/mixer.html]
[www.pygame.org/docs/ref/mouse.html]
[www.pygame.org/docs/ref/movie.html]
[www.pygame.org/docs/ref/music.html]
[www.pygame.org/docs/ref/overlay.html]
[www.pygame.org/docs/ref/pixelarray.html]
[www.pygame.org/docs/ref/pixelcopy.html]
[www.pygame.org/docs/ref/pygame.html]
[www.pygame.org/docs/ref/rect.html]
[www.pygame.org/docs/ref/scrap.html]
[www.pygame.org/docs/ref/sndarray.html]
[www.pygame.org/docs/ref/sprite.html]
[www.pygame.org/docs/ref/surface.html]
[www.pygame.org/docs/ref/surfarray.html]
[www.pygame.org/docs/ref/tests.html]
[www.pygame.org/docs/ref/time.html]
[www.pygame.org/docs/ref/transform.html]
[www.pygame.org/docs/filepaths.html]
[www.pygame.org/docs/_images/joystick_calls.png]
[www.pygame.org/docs/tut/intro/ball.gif]
[www.pygame.org/docs/tut/intro/blade.jpg]
[www.pygame.org/docs/tut/intro/intro.html]
[www.pygame.org/docs/tut/ImportInit.html]
[www.pygame.org/docs/tut/MoveIt.html]
[www.pygame.org/docs/tut/intro/freedom.jpg]
[www.pygame.org/docs/tut/chimp/chimpshot.gif]
[www.pygame.org/docs/tut/chimp/ChimpLineByLine.html]
[www.pygame.org/docs/tut/SpriteIntro.html]
[www.pygame.org/docs/tut/chimp/chimp.py.html]
[www.pygame.org/docs/tut/surfarray/allblack.jpg]
[www.pygame.org/docs/tut/surfarray/striped.jpg]
[www.pygame.org/docs/tut/surfarray/imgarray.jpg]
[www.pygame.org/docs/tut/surfarray/flipped.jpg]
[www.pygame.org/docs/tut/surfarray/scaledown.jpg]
[www.pygame.org/docs/tut/surfarray/scaleup.jpg]
[www.pygame.org/docs/tut/surfarray/redimg.jpg]
[www.pygame.org/docs/tut/surfarray/soften.jpg]
[www.pygame.org/docs/tut/surfarray/SurfarrayIntro.html]
[www.pygame.org/docs/tut/surfarray/xfade.jpg]
[www.pygame.org/docs/tut/camera/rgb.jpg]
[www.pygame.org/docs/tut/camera/yuv.jpg]
[www.pygame.org/docs/tut/camera/hsv.jpg]
[www.pygame.org/docs/tut/camera/thresholded.jpg]
[www.pygame.org/docs/tut/camera/average.jpg]
[www.pygame.org/docs/tut/camera/thresh.jpg]
[www.pygame.org/docs/tut/camera/background.jpg]
[www.pygame.org/docs/tut/camera/green.jpg]
[www.pygame.org/docs/tut/camera/CameraIntro.html]
[www.pygame.org/docs/tut/camera/mask.jpg]
[www.pygame.org/docs/tut/newbieguide.html]
[www.pygame.org/docs/tut/tom/games2.html]
[www.pygame.org/docs/tut/tom/games3.html]
[www.pygame.org/docs/tut/tom/games4.html]
[www.pygame.org/docs/tut/tom/games5.html]
[www.pygame.org/docs/tut/tom/MakeGames.html]
[www.pygame.org/docs/tut/tom/games6.html]
[www.pygame.org/docs/_static/searchtools.js]
[www.pygame.org/docs/search.html]
[www.pygame.org/docs/_static/reset.css]
[www.pygame.org/docs/_static/tooltip.css]
[www.pygame.org/docs/index-2.html]
[www.pygame.org/docs/tut/chimp/chimp.py.html]
[www.pygame.org/docs/tut/tom/games2.html]
[www.pygame.org/docs/tut/tom/games3.html]
[www.pygame.org/docs/tut/tom/games4.html]
[www.pygame.org/docs/tut/tom/games5.html]
[www.pygame.org/docs/tut/tom/games6.html]
[www.pygame.org/docs/searchindex.js]
